{"ts": 1781981744.893, "level": "INFO", "msg": "asked: What is RAG in one sentence?", "logger": "pipeline"}
{"ts": 1781981747.949, "level": "INFO", "msg": "asked: What is RAG?", "logger": "pipeline"}
{"ts": 1781981767.818, "level": "INFO", "msg": "asked: What is RAG?", "logger": "pipeline"}
{"ts": 1781981767.826, "level": "WARNING", "msg": "retry 1 for: What is RAG? (simulated)", "logger": "pipeline"}
{"ts": 1781981767.826, "level": "WARNING", "msg": "retry 2 for: What is RAG? (simulated)", "logger": "pipeline"}
{"ts": 1781981774.933, "level": "INFO", "msg": "asked: What is RAG?", "logger": "pipeline"}
{"ts": 1781981775.905, "level": "INFO", "msg": "asked: Please summarize the company policy on r", "logger": "pipeline"}
{"ts": 1781981776.518, "level": "INFO", "msg": "asked: What is the parental leave policy?", "logger": "pipeline"}
{"ts": 1781981776.563, "level": "INFO", "msg": "asked: Who approves a new vendor?", "logger": "pipeline"}
{"ts": 1781981776.633, "level": "INFO", "msg": "asked: How does the procurement approval proces", "logger": "pipeline"}
{"ts": 1781981776.776, "level": "INFO", "msg": "asked: Who do I contact for tech support?", "logger": "pipeline"}
{"ts": 1781981776.787, "level": "INFO", "msg": "asked: How does the procurement approval proces", "logger": "pipeline"}
{"ts": 1781981777.03, "level": "INFO", "msg": "asked: What is the IT helpdesk number?", "logger": "pipeline"}
{"ts": 1781981777.07, "level": "INFO", "msg": "asked: What is the WFH policy this quarter?", "logger": "pipeline"}
{"ts": 1781981777.114, "level": "INFO", "msg": "asked: How do I file a reimbursement claim?", "logger": "pipeline"}
{"ts": 1781981777.246, "level": "INFO", "msg": "asked: What is the leave policy?", "logger": "pipeline"}
{"ts": 1781981777.324, "level": "INFO", "msg": "asked: Who do I contact for tech support?", "logger": "pipeline"}
{"ts": 1781981777.417, "level": "INFO", "msg": "asked: What is the leave policy?", "logger": "pipeline"}
{"ts": 1781981777.508, "level": "INFO", "msg": "asked: What is the parental leave policy?", "logger": "pipeline"}
{"ts": 1781981777.9, "level": "INFO", "msg": "asked: What is the WFH policy this quarter?", "logger": "pipeline"}
{"ts": 1781981777.938, "level": "INFO", "msg": "asked: Who approves a new vendor?", "logger": "pipeline"}
{"ts": 1781981778.02, "level": "INFO", "msg": "asked: What is the IT helpdesk number?", "logger": "pipeline"}
{"ts": 1781981778.024, "level": "INFO", "msg": "asked: How do I file a reimbursement claim?", "logger": "pipeline"}
{"ts": 1781981778.167, "level": "INFO", "msg": "asked: How do I file a reimbursement claim?", "logger": "pipeline"}
{"ts": 1781981778.521, "level": "INFO", "msg": "asked: How does the procurement approval proces", "logger": "pipeline"}
{"ts": 1781981778.603, "level": "INFO", "msg": "asked: What is the WFH policy this quarter?", "logger": "pipeline"}
{"ts": 1781981778.628, "level": "INFO", "msg": "asked: What is the parental leave policy?", "logger": "pipeline"}
{"ts": 1781981778.835, "level": "INFO", "msg": "asked: Who do I contact for tech support?", "logger": "pipeline"}
{"ts": 1781981778.91, "level": "INFO", "msg": "asked: Who approves a new vendor?", "logger": "pipeline"}
{"ts": 1781981779.011, "level": "INFO", "msg": "asked: Who do I contact for tech support?", "logger": "pipeline"}
{"ts": 1781981779.055, "level": "INFO", "msg": "asked: What is the leave policy?", "logger": "pipeline"}
{"ts": 1781981779.343, "level": "INFO", "msg": "asked: What is the leave policy?", "logger": "pipeline"}
{"ts": 1781981779.407, "level": "INFO", "msg": "asked: What is the IT helpdesk number?", "logger": "pipeline"}
{"ts": 1781981779.863, "level": "INFO", "msg": "asked: How does the procurement approval proces", "logger": "pipeline"}
{"ts": 1781981779.934, "level": "INFO", "msg": "asked: How does the procurement approval proces", "logger": "pipeline"}
{"ts": 1781981779.991, "level": "INFO", "msg": "asked: What is the WFH policy this quarter?", "logger": "pipeline"}
{"ts": 1781981780.072, "level": "INFO", "msg": "asked: Who approves a new vendor?", "logger": "pipeline"}
{"ts": 1781981780.102, "level": "INFO", "msg": "asked: How do I file a reimbursement claim?", "logger": "pipeline"}
{"ts": 1781981780.16, "level": "INFO", "msg": "asked: Who do I contact for tech support?", "logger": "pipeline"}
{"ts": 1781981780.489, "level": "INFO", "msg": "asked: What is the parental leave policy?", "logger": "pipeline"}
{"ts": 1781981780.499, "level": "INFO", "msg": "asked: What is the IT helpdesk number?", "logger": "pipeline"}
{"ts": 1781981780.503, "level": "INFO", "msg": "asked: What is the leave policy?", "logger": "pipeline"}
{"ts": 1781981780.728, "level": "INFO", "msg": "asked: How do I file a reimbursement claim?", "logger": "pipeline"}
{"ts": 1781981781.097, "level": "INFO", "msg": "asked: What is the parental leave policy?", "logger": "pipeline"}
{"ts": 1781981781.474, "level": "INFO", "msg": "asked: What is the parental leave policy?", "logger": "pipeline"}
{"ts": 1781981781.715, "level": "INFO", "msg": "asked: What is the IT helpdesk number?", "logger": "pipeline"}
{"ts": 1781981781.745, "level": "INFO", "msg": "asked: Who approves a new vendor?", "logger": "pipeline"}
{"ts": 1781981781.807, "level": "INFO", "msg": "asked: How does the procurement approval proces", "logger": "pipeline"}
{"ts": 1781981781.812, "level": "INFO", "msg": "asked: What is the WFH policy this quarter?", "logger": "pipeline"}
{"ts": 1781981781.829, "level": "INFO", "msg": "asked: What is the leave policy?", "logger": "pipeline"}
{"ts": 1781981781.878, "level": "INFO", "msg": "asked: Who do I contact for tech support?", "logger": "pipeline"}
{"ts": 1781981781.929, "level": "INFO", "msg": "asked: What is the WFH policy this quarter?", "logger": "pipeline"}
{"ts": 1781981782.205, "level": "INFO", "msg": "asked: How do I file a reimbursement claim?", "logger": "pipeline"}
{"ts": 1781981782.207, "level": "INFO", "msg": "asked: Who approves a new vendor?", "logger": "pipeline"}
{"ts": 1781981782.496, "level": "INFO", "msg": "asked: What is the leave policy?", "logger": "pipeline"}
{"ts": 1781981782.691, "level": "INFO", "msg": "asked: How does the procurement approval proces", "logger": "pipeline"}
{"ts": 1781981783.316, "level": "INFO", "msg": "asked: What is the IT helpdesk number?", "logger": "pipeline"}
{"ts": 1782764118.923, "level": "INFO", "msg": "asked: What is leave policy?", "logger": "pipeline"}
{"ts": 1782764140.008, "level": "INFO", "msg": "asked: What is leave policy?", "logger": "pipeline"}
{"ts": 1787981927.527, "level": "INFO", "msg": "asked: what is the leave policy?", "logger": "pipeline"}
{"ts": 1787982307.378, "level": "INFO", "msg": "asked: what is the leave policy?", "logger": "pipeline"}
{"ts": 1787983468.783, "level": "INFO", "msg": "asked: what is the leave policy", "logger": "pipeline"}
{"ts": 1787984701.979, "level": "INFO", "msg": "asked: What is RAG?", "logger": "pipeline"}
{"ts": 1787984701.981, "level": "WARNING", "msg": "retry 1 for: What is RAG? (simulated)", "logger": "pipeline"}
{"ts": 1787984701.984, "level": "WARNING", "msg": "retry 2 for: What is RAG? (simulated)", "logger": "pipeline"}
{"ts": 1788071604.811, "level": "INFO", "msg": "asked: what is the leave policy?", "logger": "pipeline"}
{"ts": 1788072357.267, "level": "INFO", "msg": "asked: what is leave polocy now", "logger": "pipeline"}
{"ts": 1788072529.453, "level": "INFO", "msg": "asked: what is the leave policy. please confirm", "logger": "pipeline"}
